[36mvite v8.0.3 [32mbuilding client environment for production...[36m[39m
[2K
transforming...Γ£ô 2241 modules transformed.
rendering chunks...
node.exe : [31mΓ£ù[39m Build failed in 1.21s
At line:1 char:1
+ & "C:\Program Files\nodejs/node.exe" "C:\Program 
Files\nodejs/node_mo ...
+ ~~~~~~~~~~~~~~~~~~~~~~~~~~~~~~~~~~~~~~~~~~~~~~~~~~~~
~~~~~~~~~~~~~~~~~
    + CategoryInfo          : NotSpecified: ([31mΓ£ù 
   [39m Build failed in 1.21s:String) [], RemoteExc  
  eption
    + FullyQualifiedErrorId : NativeCommandError
 
[31merror during build:
[31mBuild failed with 4 errors:

[31m[MISSING_EXPORT] Error:[0m "Facebook" is not 
exported by 
"node_modules/lucide-react/dist/esm/lucide-react.js".
   
[38;5;246mΓò¡[0m[38;5;246mΓöÇ[0m[38;5;246m[[0m 
src/components/layout/Footer.jsx:2:31 [38;5;246m][0m
   [38;5;246mΓöé[0m
 [38;5;246m2 Γöé[0m [38;5;249mi[0m[38;5;249mm[0m
[38;5;249mp[0m[38;5;249mo[0m[38;5;249mr[0m[38;5
;249mt[0m[38;5;249m [0m[38;5;249m{[0m[38;5;249m 
[0m[38;5;249mP[0m[38;5;249mh[0m[38;5;249mo[0m[
38;5;249mn[0m[38;5;249me[0m[38;5;249m,[0m[38;5;2
49m [0m[38;5;249mM[0m[38;5;249ma[0m[38;5;249mi[
0m[38;5;249ml[0m[38;5;249m,[0m[38;5;249m [0m[38
;5;249mM[0m[38;5;249ma[0m[38;5;249mp[0m[38;5;249
mP[0m[38;5;249mi[0m[38;5;249mn[0m[38;5;249m,[0m
[38;5;249m [0mFacebook[38;5;249m,[0m[38;5;249m [
0m[38;5;249mI[0m[38;5;249mn[0m[38;5;249ms[0m[38
;5;249mt[0m[38;5;249ma[0m[38;5;249mg[0m[38;5;249
mr[0m[38;5;249ma[0m[38;5;249mm[0m[38;5;249m,[0m
[38;5;249m [0m[38;5;249mT[0m[38;5;249mw[0m[38;5
;249mi[0m[38;5;249mt[0m[38;5;249mt[0m[38;5;249me
[0m[38;5;249mr[0m[38;5;249m,[0m[38;5;249m [0m[
38;5;249mY[0m[38;5;249mo[0m[38;5;249mu[0m[38;5;2
49mt[0m[38;5;249mu[0m[38;5;249mb[0m[38;5;249me[
0m[38;5;249m [0m[38;5;249m}[0m[38;5;249m [0m[38
;5;249mf[0m[38;5;249mr[0m[38;5;249mo[0m[38;5;249
mm[0m[38;5;249m [0m[38;5;249m"[0m[38;5;249ml[0m
[38;5;249mu[0m[38;5;249mc[0m[38;5;249mi[0m[38;5
;249md[0m[38;5;249me[0m[38;5;249m-[0m[38;5;249mr
[0m[38;5;249me[0m[38;5;249ma[0m[38;5;249mc[0m[
38;5;249mt[0m[38;5;249m"[0m[38;5;249m;[0m
 [38;5;240m  Γöé[0m                               
ΓöÇΓöÇΓöÇΓöÇΓö¼ΓöÇΓöÇΓöÇ  
 [38;5;240m  Γöé[0m                                 
  Γò░ΓöÇΓöÇΓöÇΓöÇΓöÇ Missing export
[38;5;246mΓöÇΓöÇΓöÇΓò»[0m

[31m[MISSING_EXPORT] Error:[0m "Instagram" is not 
exported by 
"node_modules/lucide-react/dist/esm/lucide-react.js".
   
[38;5;246mΓò¡[0m[38;5;246mΓöÇ[0m[38;5;246m[[0m 
src/components/layout/Footer.jsx:2:41 [38;5;246m][0m
   [38;5;246mΓöé[0m
 [38;5;246m2 Γöé[0m [38;5;249mi[0m[38;5;249mm[0m
[38;5;249mp[0m[38;5;249mo[0m[38;5;249mr[0m[38;5
;249mt[0m[38;5;249m [0m[38;5;249m{[0m[38;5;249m 
[0m[38;5;249mP[0m[38;5;249mh[0m[38;5;249mo[0m[
38;5;249mn[0m[38;5;249me[0m[38;5;249m,[0m[38;5;2
49m [0m[38;5;249mM[0m[38;5;249ma[0m[38;5;249mi[
0m[38;5;249ml[0m[38;5;249m,[0m[38;5;249m [0m[38
;5;249mM[0m[38;5;249ma[0m[38;5;249mp[0m[38;5;249
mP[0m[38;5;249mi[0m[38;5;249mn[0m[38;5;249m,[0m
[38;5;249m [0m[38;5;249mF[0m[38;5;249ma[0m[38;5
;249mc[0m[38;5;249me[0m[38;5;249mb[0m[38;5;249mo
[0m[38;5;249mo[0m[38;5;249mk[0m[38;5;249m,[0m[
38;5;249m [0mInstagram[38;5;249m,[0m[38;5;249m [0
m[38;5;249mT[0m[38;5;249mw[0m[38;5;249mi[0m[38;
5;249mt[0m[38;5;249mt[0m[38;5;249me[0m[38;5;249m
r[0m[38;5;249m,[0m[38;5;249m [0m[38;5;249mY[0m
[38;5;249mo[0m[38;5;249mu[0m[38;5;249mt[0m[38;5;
249mu[0m[38;5;249mb[0m[38;5;249me[0m[38;5;249m 
[0m[38;5;249m}[0m[38;5;249m [0m[38;5;249mf[0m[
38;5;249mr[0m[38;5;249mo[0m[38;5;249mm[0m[38;5;2
49m [0m[38;5;249m"[0m[38;5;249ml[0m[38;5;249mu[
0m[38;5;249mc[0m[38;5;249mi[0m[38;5;249md[0m[38
;5;249me[0m[38;5;249m-[0m[38;5;249mr[0m[38;5;249
me[0m[38;5;249ma[0m[38;5;249mc[0m[38;5;249mt[0m
[38;5;249m"[0m[38;5;249m;[0m
 [38;5;240m  Γöé[0m                                 
        ΓöÇΓöÇΓöÇΓöÇΓö¼ΓöÇΓöÇΓöÇΓöÇ  
 [38;5;240m  Γöé[0m                                 
            Γò░ΓöÇΓöÇΓöÇΓöÇΓöÇΓöÇ Missing export
[38;5;246mΓöÇΓöÇΓöÇΓò»[0m

[31m[MISSING_EXPORT] Error:[0m "Twitter" is not 
exported by 
"node_modules/lucide-react/dist/esm/lucide-react.js".
   
[38;5;246mΓò¡[0m[38;5;246mΓöÇ[0m[38;5;246m[[0m 
src/components/layout/Footer.jsx:2:52 [38;5;246m][0m
   [38;5;246mΓöé[0m
 [38;5;246m2 Γöé[0m [38;5;249mi[0m[38;5;249mm[0m
[38;5;249mp[0m[38;5;249mo[0m[38;5;249mr[0m[38;5
;249mt[0m[38;5;249m [0m[38;5;249m{[0m[38;5;249m 
[0m[38;5;249mP[0m[38;5;249mh[0m[38;5;249mo[0m[
38;5;249mn[0m[38;5;249me[0m[38;5;249m,[0m[38;5;2
49m [0m[38;5;249mM[0m[38;5;249ma[0m[38;5;249mi[
0m[38;5;249ml[0m[38;5;249m,[0m[38;5;249m [0m[38
;5;249mM[0m[38;5;249ma[0m[38;5;249mp[0m[38;5;249
mP[0m[38;5;249mi[0m[38;5;249mn[0m[38;5;249m,[0m
[38;5;249m [0m[38;5;249mF[0m[38;5;249ma[0m[38;5
;249mc[0m[38;5;249me[0m[38;5;249mb[0m[38;5;249mo
[0m[38;5;249mo[0m[38;5;249mk[0m[38;5;249m,[0m[
38;5;249m [0m[38;5;249mI[0m[38;5;249mn[0m[38;5;2
49ms[0m[38;5;249mt[0m[38;5;249ma[0m[38;5;249mg[
0m[38;5;249mr[0m[38;5;249ma[0m[38;5;249mm[0m[38
;5;249m,[0m[38;5;249m 
[0mTwitter[38;5;249m,[0m[38;5;249m [0m[38;5;249m
Y[0m[38;5;249mo[0m[38;5;249mu[0m[38;5;249mt[0m
[38;5;249mu[0m[38;5;249mb[0m[38;5;249me[0m[38;5;
249m [0m[38;5;249m}[0m[38;5;249m [0m[38;5;249mf
[0m[38;5;249mr[0m[38;5;249mo[0m[38;5;249mm[0m[3
8;5;249m [0m[38;5;249m"[0m[38;5;249ml[0m[38;5;24
9mu[0m[38;5;249mc[0m[38;5;249mi[0m[38;5;249md[0
m[38;5;249me[0m[38;5;249m-[0m[38;5;249mr[0m[38;
5;249me[0m[38;5;249ma[0m[38;5;249mc[0m[38;5;249m
t[0m[38;5;249m"[0m[38;5;249m;[0m
 [38;5;240m  Γöé[0m                                 
                   ΓöÇΓöÇΓöÇΓö¼ΓöÇΓöÇΓöÇ  
 [38;5;240m  Γöé[0m                                 
                      Γò░ΓöÇΓöÇΓöÇΓöÇΓöÇ Missing 
export
[38;5;246mΓöÇΓöÇΓöÇΓò»[0m

[31m[MISSING_EXPORT] Error:[0m "Youtube" is not 
exported by 
"node_modules/lucide-react/dist/esm/lucide-react.js".
   
[38;5;246mΓò¡[0m[38;5;246mΓöÇ[0m[38;5;246m[[0m 
src/components/layout/Footer.jsx:2:61 [38;5;246m][0m
   [38;5;246mΓöé[0m
 [38;5;246m2 Γöé[0m [38;5;249mi[0m[38;5;249mm[0m
[38;5;249mp[0m[38;5;249mo[0m[38;5;249mr[0m[38;5
;249mt[0m[38;5;249m [0m[38;5;249m{[0m[38;5;249m 
[0m[38;5;249mP[0m[38;5;249mh[0m[38;5;249mo[0m[
38;5;249mn[0m[38;5;249me[0m[38;5;249m,[0m[38;5;2
49m [0m[38;5;249mM[0m[38;5;249ma[0m[38;5;249mi[
0m[38;5;249ml[0m[38;5;249m,[0m[38;5;249m [0m[38
;5;249mM[0m[38;5;249ma[0m[38;5;249mp[0m[38;5;249
mP[0m[38;5;249mi[0m[38;5;249mn[0m[38;5;249m,[0m
[38;5;249m [0m[38;5;249mF[0m[38;5;249ma[0m[38;5
;249mc[0m[38;5;249me[0m[38;5;249mb[0m[38;5;249mo
[0m[38;5;249mo[0m[38;5;249mk[0m[38;5;249m,[0m[
38;5;249m [0m[38;5;249mI[0m[38;5;249mn[0m[38;5;2
49ms[0m[38;5;249mt[0m[38;5;249ma[0m[38;5;249mg[
0m[38;5;249mr[0m[38;5;249ma[0m[38;5;249mm[0m[38
;5;249m,[0m[38;5;249m [0m[38;5;249mT[0m[38;5;249
mw[0m[38;5;249mi[0m[38;5;249mt[0m[38;5;249mt[0m
[38;5;249me[0m[38;5;249mr[0m[38;5;249m,[0m[38;5
;249m [0mYoutube[38;5;249m 
[0m[38;5;249m}[0m[38;5;249m [0m[38;5;249mf[0m[
38;5;249mr[0m[38;5;249mo[0m[38;5;249mm[0m[38;5;2
49m [0m[38;5;249m"[0m[38;5;249ml[0m[38;5;249mu[
0m[38;5;249mc[0m[38;5;249mi[0m[38;5;249md[0m[38
;5;249me[0m[38;5;249m-[0m[38;5;249mr[0m[38;5;249
me[0m[38;5;249ma[0m[38;5;249mc[0m[38;5;249mt[0m
[38;5;249m"[0m[38;5;249m;[0m
 [38;5;240m  Γöé[0m                                 
                            ΓöÇΓöÇΓöÇΓö¼ΓöÇΓöÇΓöÇ  
 [38;5;240m  Γöé[0m                                 
                               Γò░ΓöÇΓöÇΓöÇΓöÇΓöÇ 
Missing export
[38;5;246mΓöÇΓöÇΓöÇΓò»[0m
[31m
    at aggregateBindingErrorsIntoJsError (file:///D:/o
penProject/node_modules/rolldown/dist/shared/error-BLh
cSyeg.mjs:48:18)
    at unwrapBindingResult (file:///D:/openProject/nod
e_modules/rolldown/dist/shared/error-BLhcSyeg.mjs:18:1
28)
    at #build (file:///D:/openProject/node_modules/rol
ldown/dist/shared/rolldown-build-CPrIX9V6.mjs:3313:34)
    at async buildEnvironment (file:///D:/openProject/
node_modules/vite/dist/node/chunks/node.js:32849:64)
    at async Object.build (file:///D:/openProject/node
_modules/vite/dist/node/chunks/node.js:33271:19)
    at async Object.buildApp (file:///D:/openProject/n
ode_modules/vite/dist/node/chunks/node.js:33268:153)
    at async CAC.<anonymous> (file:///D:/openProject/n
ode_modules/vite/dist/node/cli.js:778:3) {
  errors: [Getter/Setter]
}[39m
